generated files:
  frame0.png                      323 B
  frame0@8x.png                  1381 B
  frame1.png                      318 B
  frame1@8x.png                  1378 B
  frame2.png                      317 B
  frame2@8x.png                  1360 B
  frame3.png                      318 B
  frame3@8x.png                  1378 B
  palette-card.png                699 B
  sprite-idle-4x.png             1856 B
  sprite-sheet.png                604 B
  tile-16.png                     141 B
  tile-3x3.png                    228 B
  tile-3x3@8x.png                2583 B
  tile-variant-b-16.png           151 B
  viewer.html                    4758 B

sprite frame 0, ASCII (. =transparent, @ =lit outline, O =mid outline, * =darkest: shadow outline + eyes, # =body colour):
  ................................
  .........@@@@@@@@@@@@@..........
  ........@@############O.........
  ........@##############*........
  ........@##############*........
  ........@##############*........
  .......@@##############O........
  ......@@################O.......
  ......@##################*......
  .......***O##########*****......
  ..........@##########*..........
  ..........@##########*..........
  ..........@##**##**##*..........
  ..........@##**##**##*..........
  ..........@##########*..........
  ......@@@@@##########O@@@.......
  ......@##################*......
  ......@##################*......
  ......@##################*......
  ......@##################*......
  ......@##################*......
  ......@##################*......
  ......@##################*......
  ......@##################*......
  ......@##################*......
  .......**OOOOOOOOOOOOO****......
  ..........*O###*O###***.........
  ...........@###*@###*...........
  ..........@@###O@###O...........
  ..........@##########*..........
  ..........@##########*..........
  ...........***********..........
