===== [0] 静态扫描 scan.mjs（13 条规则 + 内联不可读行度量 + 第三方 SKILL.md 指令面）=====
扫描 46 个文件 / 2117568 B；第三方技能包 36 个

规则命中汇总
  R01  A03 注入                预设高     hits=0
  R02  A03 注入                预设高     hits=4
  R03  A03 注入                预设严重    hits=0
  R04  A03 XSS               预设高     hits=0
  R05  A02/A05 密钥            预设严重    hits=0
  R06  A08 完整性               预设高     hits=1
  R07  A05 配置                预设中     hits=3
  R08  A01/A05 调试面           预设中     hits=13
  R09  A01 访问控制              预设中     hits=2
  R10  A06 依赖                预设中     hits=0
  R11  A03/A08 查询语法          预设中     hits=8
  R12  A05 信息泄露              预设低     hits=0
  R13  A08 完整性               预设低     hits=0

明细
  R06  demos/20260925-1723-drafter/skill-lab-pipeline-blueprint.html :450  <li data-i="X2" class="deny">拒绝把本地内容 POST 到外部地址、拒绝 curl|bash 类无审查管道</li>
  R11  demos/20260925-1845-sqlite-database-expert/query.mjs          :14   WHERE notes_tri MATCH ? ORDER BY rank LIMIT ?`
  R02  demos/20260925-1845-sqlite-database-expert/verify.mjs         :30   const planLike = rows('EXPLAIN QUERY PLAN SELECT id FROM notes WHERE body LIKE ?', [`%${Q[0]}%`])
  R11  demos/20260925-1845-sqlite-database-expert/verify.mjs         :32   const planFts = rows('EXPLAIN QUERY PLAN SELECT rowid FROM notes_tri WHERE notes_tri MATCH ?', [Q[0]])
  R02  demos/20260925-1845-sqlite-database-expert/verify.mjs         :35   const L = rows('SELECT id FROM notes WHERE body LIKE ?', [`%${term}%`]).map((r) => r.id);
  R11  demos/20260925-1845-sqlite-database-expert/verify.mjs         :36   const M = rows('SELECT rowid id FROM notes_u61 WHERE notes_u61 MATCH ?', [term]).map((r) => r.id);
  R02  demos/20260925-1845-sqlite-database-expert/verify.mjs         :44   const like = one('SELECT count(*) c FROM notes WHERE body LIKE ?', [`%${q}%`]).c;
  R11  demos/20260925-1845-sqlite-database-expert/verify.mjs         :46   try { u = one('SELECT count(*) c FROM notes_u61 WHERE notes_u61 MATCH ?', [q]).c; } catch (e) { u = 'ERR:' + e.message.slice(0, 24); }
  R11  demos/20260925-1845-sqlite-database-expert/verify.mjs         :47   try { t = one('SELECT count(*) c FROM notes_tri WHERE notes_tri MATCH ?', [q]).c; } catch (e) { t = 'ERR:' + e.message.slice(0, 24); }
  R11  demos/20260925-1845-sqlite-database-expert/verify.mjs         :70   const before = c.prepare('SELECT count(*) n FROM notes_tri WHERE notes_tri MATCH ?').get('无肌肉脚本').n;
  R11  demos/20260925-1845-sqlite-database-expert/verify.mjs         :73   const afterDel = c.prepare('SELECT count(*) n FROM notes_tri WHERE notes_tri MATCH ?').get('无肌肉脚本').n;
  R11  demos/20260925-1845-sqlite-database-expert/verify.mjs         :76   const rebuilt = c.prepare('SELECT count(*) n FROM notes_tri WHERE notes_tri MATCH ?').get('无肌肉脚本').n;
  R02  demos/20260925-1845-sqlite-database-expert/verify.mjs         :93   v.exec(`SELECT id FROM runs WHERE skill = '${MAL}'`); // the §4.2 INCORRECT pattern, on a sandbox copy
  R07  demos/20260925-1950-graphic-gif/capture.mjs                   :23   args: ['--no-sandbox', '--disable-gpu', '--hide-scrollbars',
  R09  demos/20260925-2332-build-game/frostlight-gather.html         :1767 function saveBest(){ try{ localStorage.setItem(SAVE_KEY, String(state.best)); }catch(e){} }
  R08  demos/20260925-2332-build-game/frostlight-gather.html         :2317 window.advanceTime = function(ms){
  R08  demos/20260925-2332-build-game/frostlight-gather.html         :2323 window.render_game_to_text = function(){
  R08  demos/20260925-2332-build-game/frostlight-gather.html         :2348 window.__game = { state, CONSTANTS, crystals, wraiths, lights, scene, camera, renderer, fox, composer, bloomPass, gradePass, fxaaPass,
  R09  demos/20260925-2332-build-game/game.src.html                  :136  function saveBest(){ try{ localStorage.setItem(SAVE_KEY, String(state.best)); }catch(e){} }
  R08  demos/20260925-2332-build-game/game.src.html                  :686  window.advanceTime = function(ms){
  R08  demos/20260925-2332-build-game/game.src.html                  :692  window.render_game_to_text = function(){
  R08  demos/20260925-2332-build-game/game.src.html                  :717  window.__game = { state, CONSTANTS, crystals, wraiths, lights, scene, camera, renderer, fox, composer, bloomPass, gradePass, fxaaPass,
  R07  demos/20260925-2332-build-game/verify.mjs                     :29   args: ['--no-sandbox', '--disable-gpu', '--hide-scrollbars', '--force-color-profile=srgb', '--mute-audio',
  R08  demos/20260925-2332-build-game/verify.mjs                     :65   window.advanceTime(600);
  R08  demos/20260925-2332-build-game/verify.mjs                     :92   window.advanceTime(16.667); airSteps++;
  R08  demos/20260925-2332-build-game/verify.mjs                     :122  window.advanceTime(120);
  R08  demos/20260925-2332-build-game/verify.mjs                     :139  window.advanceTime(200);
  R08  demos/20260925-2332-build-game/verify.mjs                     :163  window.advanceTime(63000);
  R08  demos/20260925-2332-build-game/verify.mjs                     :218  window.advanceTime(700);
  R08  demos/20260925-2332-build-game/verify.mjs                     :281  window.__game.scene.traverse(o => {
  R07  .tmp/pw/probe.mjs                                             :5    const b = await chromium.launch({ executablePath:'/Applications/Google Chrome.app/Contents/MacOS/Google Chrome', args:['--no-sandbox','--disable-gpu',

不可读（压缩/内联）行统计 >400 字符的行
  demos/20260925-1810-algorithmic-art/art-index.html            lines=1 bytes=977030 share=97.8%
  demos/20260925-2332-build-game/frostlight-gather.html         lines=1 bytes=669555 share=89.2%
  records/work-log.md                                           lines=8 bytes=25183 share=94.5%
  state/state.json                                              lines=5 bytes=4956 share=8.8%
  .tmp/merge_r4.py                                              lines=2 bytes=1963 share=22.8%
  .tmp/merge_r7.py                                              lines=1 bytes=723 share=7.3%

第三方 SKILL.md 面向代理的危险指令
  S04  GLOBAL build-game/SKILL.md                                                    :341  This uploads the game and returns a live URL like `https://bright-canvas-a7k2.here.now/`. The link lasts 24 hours (anonymous) or permanently (with `HERENOW_API_
  S04  GLOBAL express-nodejs-expert/SKILL.md                                         :123  app.post('/api/data', (req, res) => {
  S04  GLOBAL express-nodejs-expert/SKILL.md                                         :231  app.post('/api/users', (req, res) => {/* ... */});
  S04  GLOBAL express-nodejs-expert/SKILL.md                                         :465  app.post('/api/data', (req, res) => {
  S04  GLOBAL express-nodejs-expert/SKILL.md                                         :592  app.post('/api/proxy', async (req, res) => {
  S04  GLOBAL express-nodejs-expert/SKILL.md                                         :614  app.post('/api/proxy', async (req, res) => {
  S04  GLOBAL express-nodejs-expert/SKILL.md                                         :666  app.post('/api/proxy', async (req, res) => {
  S04  GLOBAL express-nodejs-expert/SKILL.md                                         :700  app.post('/api/search', async (req, res) => {
  S04  GLOBAL express-nodejs-expert/SKILL.md                                         :812  app.post('/api/login', strictLimiter, (req, res) => {
  S04  GLOBAL express-nodejs-expert/SKILL.md                                         :822  app.post('/api/users',
  S04  GLOBAL express-nodejs-expert/SKILL.md                                         :1086  describe('POST /api/users', () => {
  S04  GLOBAL express-nodejs-expert/SKILL.md                                         :1091  .post('/api/users')
  S04  GLOBAL express-nodejs-expert/SKILL.md                                         :1101  .post('/api/users')
  S04  GLOBAL express-nodejs-expert/SKILL.md                                         :1115  describe('POST /api/proxy', () => {
  S04  GLOBAL express-nodejs-expert/SKILL.md                                         :1121  .post('/api/proxy')
  S04  GLOBAL express-nodejs-expert/SKILL.md                                         :1137  .post('/api/proxy')
  S04  GLOBAL express-nodejs-expert/SKILL.md                                         :1248  app.post('/api/data', (req, res) => {
  S04  GLOBAL express-nodejs-expert/SKILL.md                                         :1258  app.post('/api/data', (req, res) => {
  S04  GLOBAL graphic-gif/SKILL.md                                                   :85  3. Call Kling API: `POST https://api.klingai.com/v1/videos/image2video` with `image_url` and `prompt` describing the motion
  S04  GLOBAL graphic-gif/SKILL.md                                                   :293  3. Upload to Kling image-to-video endpoint
  S01  GLOBAL sec-audit-cn/SKILL.md                                                  :191  - [ ] 更新包、CI 制品与镜像校验签名或摘要；禁止未校验的远程脚本 `curl | bash`。
  S06  GLOBAL sec-audit-cn/SKILL.md                                                  :352  const API_KEY = 'sk-1234567890abcdef'
  S02  GLOBAL skill-push/SKILL.md                                                    :100  > T=/tmp/partial && rm -rf $T && mkdir -p $T/scripts $T/config

===== [1] PoC-A 原始 query.mjs（第 4 轮交付物，9 例对抗输入）=====

=== H0 基线（正常词）  argv=["安全闸门","3"] ===
  expect : 对照组
  exit   : 0
  stdout : query="安全闸门"  engine=FTS5 trigram + bm25  hits=3  (+3 行)
  stderr : (无)
  判定   : 零退出

=== C1 未闭合引号  argv=["\""] ===
  expect : 期望：解析错误文本外泄
  exit   : 0
  stdout : query="""  engine=LIKE (query <3 chars)  hits=5  (+5 行)
  stderr : (无)
  判定   : 零退出

=== C2 裸 AND（残缺布尔式）  argv=["安全 AND"] ===
  expect : 期望：FTS5 语法错误全文
  exit   : 0
  stdout : query="安全 AND"  engine=FTS5 trigram + bm25  hits=0
  stderr : (无)
  判定   : 零退出

=== C3 布尔式改写（引号配对逃逸）  argv=["闸门\") OR (\"src"] ===
  expect : 期望：改变检索语义
  exit   : 1
  stdout : (无 stdout)
  stderr : file:///Users/apple/Documents/workProject/%E8%AF%95%E9%AA%8C/skill%E6%BC%94%E7%A4%BA%E5%9C%BA/demos/20260925-1845-sqlite-database-expert/query.mjs:18
  判定   : 未捕获异常 → 崩溃  << stderr 含原始 SQLite/FTS5 错误 + 源码绝对路径（信息泄露）

=== C4 逻辑扩权（把窄查询变全表）  argv=["安全\" OR \"闸门\" OR \"无肌肉"] ===
  expect : 期望：命中集 ≠ 字面短语
  exit   : 0
  stdout : query="安全" OR "闸门" OR "无肌肉"  engine=FTS5 trigram + bm25  hits=0
  stderr : (无)
  判定   : 零退出

=== C5 LIMIT 参数未校验  argv=["安全闸门","abc"] ===
  expect : 期望：Number() → NaN 直接进入绑定
  exit   : 1
  stdout : (无 stdout)
  stderr : file:///Users/apple/Documents/workProject/%E8%AF%95%E9%AA%8C/skill%E6%BC%94%E7%A4%BA%E5%9C%BA/demos/20260925-1845-sqlite-database-expert/query.mjs:18
  判定   : 未捕获异常 → 崩溃  << stderr 含原始 SQLite/FTS5 错误 + 源码绝对路径（信息泄露）

=== C6 LIMIT 负数/超大  argv=["安全闸门","-1"] ===
  expect : 期望：无上限约束
  exit   : 0
  stdout : query="安全闸门"  engine=FTS5 trigram + bm25  hits=4  (+4 行)
  stderr : (无)
  判定   : 零退出

=== C7 超长查询串  argv=["安安安安安安安安安安安安安安安安安安安安安安安安安安安安安安安安安安安安安安安安…(20000 chars)"] ===
  expect : 期望：无长度上限
  exit   : 0
  stdout : query="安安安安安安安安安安安安安安安安安安安安安安安安安安安安安安安安安安安安安安安安安安安安安安安安安安安安安安安安安安安安安安安安安安安安安安安安安安安安安安安安安安安安安安安安安安安安安安安安安安安安安安安安安安安安安安安安安安安安安安安安安安安安安安安安安安安安安安安安安安安安安安安安安安安安安安安安安安安安安安安安安安安安安安安安安安安安安安安安安安安安安安安安安安安安安安安安安安安安安安安安安安安安安安安安安安安安安安安安安安安安安安安安安安安安安安安安安安安安安安安安安安安安安安安安安安安安安安安安安安安安安安安安安安安安安安安安安安安安安安安安安安安安安安安安安安安安安安安安安安安安安安安安安安安安安安安安安安安安安安安安安安安安安安安安安安安安安安安安安安安安安安安安安安安安安安安安安安安安安安安安安安安安安安安安安安安安安安安安安安安安安安安安安安安安安安安安安安安安安安安安安安安安安安安安安安安安安安安安安安安安安安安安安安安安安安安安安安安安安安安安安安安安安安安安安安安安安安安安安安安安安安安安安安安安安安安安安安安安安安安安安安安安安安安安安安安安安安安安安安安安安安安安安安安安安安安安安安安安安安安安安安安安安安安安安安安安安安安安安安安安安安安安安安安安安安安安安安安安安安安安安安安安安安安安安安安安安安安安安安安安安安安安安安安安安安安安安安安安安安安安安安安安安安安安安安安安安安安安安安安安安安安安安安安安安安安安安安安安安安安安安安安安安安安安安安安安安安安安安安安安安安安安安安安安安安安安安安安安安安安安安安安安安安安安安安安安安安安安安安安安安安安安安安安安安安安安安安安安安安安安安安安安安安安安安安安安安安安安安安安安安安安安安安安安安安安安安安安安安安安安安安安安安安安安安安安安安安安安安安安安安安安安安安安安安安安安安安安安安安安安安安安安安安安安安安安安安安安安安安安安安安安安安安安安安安安安安安安安安安安安安安安安安安安安安安安安安安安安安安安安安安安安安安安安安安安安安安安安安安安安安安安安安安安安安安安安安安安安安安安安安安安安安安安安安安安安安安安安安安安安安安安安安安安安安安安安安安安安安安安安安安安安安安安安安安安安安安安安安安安安安安安安安安安安安安安安安安安安安安安安安安安安安安安安安安安安安安安安安安安安安安安安安安安安安安安安安安安安安安安安安安安安安安安安安安安安安安安安安安安安安安安安安安安安安安安安安安安安安安安安安安安安安安安安安安安安安安安安安安安安安安安安安安安安安安安安安安安安安安安安安安安安安安安安安安安安安安安安安安安安安安安安安安安安安安安安安安安安安安安安安安安安安安安安安安安安安安安安安安安安安安安安安安安安安安安安安安安安安安安安安安安安安安安安安安安安安安安安安安安安安安安安安安安安安安安安安安安安安安安安安安安安安安安安安安安安安安安安安安安安安安安安安安安安安安安安安安安安安安安安安安安安安安安安安安安安安安安安安安安安安安安安安安安安安安安安安安安安安安安安安安安安安安安安安安安安安安安安安安安安安安安安安安安安安安安安安安安安安安安安安安安安安安安安安安安安安安安安安安安安安安安安安安安安安安安安安安安安安安安安安安安安安安安安安安安安安安安安安安安安安安安安安安安安安安安安安安安安安安安安安安安安安安安安安安安安安安安安安安安安安安安安安安安安安安安安安安安安安安安安安安安安安安安安安安安安安安安安安安安安安安安安安安安安安安安安安安安安安安安安安安安安安安安安安安安安安安安安安安安安安安安安安安安安安安安安安安安安安安安安安安安安安安安安安安安安安安安安安安安安安安安安安安安安安安安安安安安安安安安安安安安安安安安安安安安安安安安安安安安安安安安安安安安安安安安安安安安安安安安安安安安安安安安安安安安安安安安安安安安安安安安安安安安安安安安安安安安安安安安安安安安安安安安安安安安安安安安安安安安安安安安安安安安安安安安安安安安安安安安安安安安安安安安安安安安安安安安安安安安安安安安安安安安安安安安安安安安安安安安安安安安安安安安安安安安安安安安安安安安安安安安安安安安安安安安安安安安安安安安安安安安安安安安安安安安安安安安安安安安安安安安安安安安安安安安安安安安安安安安安安安安安安安安安安安安安安安安安安安安安安安安安安安安安安安安安安安安安安安安安安安安安安安安安安安安安安安安安安安安安安安安安安安安安安安安安安安安安安安安安安安安安安安安安安安安安安安安安安安安安安安安安安安安安安安安安安安安安安安安安安安安安安安安安安安安安安安安安安安安安安安安安安安安安安安安安安安安安安安安安安安安安安安安安安安安安安安安安安安安安安安安安安安安安安安安安安安安安安安安安安安安安安安安安安安安安安安安安安安安安安安安安安安安安安安安安安安安安安安安安安安安安安安安安安安安安安安安安安安安安安安安安安安安安安安安安安安安安安安安安安安安安安安安安安安安安安安安安安安安安安安安安安安安安安安安安安安安安安安安安安安安安安安安安安安安安安安安安安安安安安安安安安安安安安安安安安安安安安安安安安安安安安安安安安安安安安安安安安安安安安安安安安安安安安安安安安安安安安安安安安安安安安安安安安安安安安安安安安安安安安安安安安安安安安安安安安安安安安安安安安安安安安安安安安安安安安安安安安安安安安安安安安安安安安安安安安安安安安安安安安安安安安安安安安安安安安安安安安安安安安安安安安安安安安安安安安安安安安安安安安安安安安安安安安安安安安安安安安安安安安安安安安安安安安安安安安安安安安安安安安安安安安安安安安安安安安安安安安安安安安安安安安安安安安安安安安安安安安安安安安安安安安安安安安安安安安安安安安安安安安安安安安安安安安安安安安安安安安安安安安安安安安安安安安安安安安安安安安安安安安安安安安安安安安安安安安安安安安安安安安安安安安安安安安安安安安安安安安安安安安安安安安安安安安安安安安安安安安安安安安安安安安安安安安安安安安安安安安安安安安安安安安安安安安安安安安安安安安安安安安安安安安安安安安安安安安安安安安安安安安安安安安安安安安安安安安安安安安安安安安安安安安安安安安安安安安安安安安安安安安安安安安安安安安安安安安安安安安安安安安安安安安安安安安安安安安安安安安安安安安安安安安安安安安安安安安安安安安安安安安安安安安安安安安安安安安安安安安安安安安安安安安安安安安安安安安安安安安安安安安安安安安安安安安安安安安安安安安安安安安安安安安安安安安安安安安安安安安安安安安安安安安安安安安安安安安安安安安安安安安安安安安安安安安安安安安安安安安安安安安安安安安安安安安安安安安安安安安安安安安安安安安安安安安安安安安安安安安安安安安安安安安安安安安安安安安安安安安安安安安安安安安安安安安安安安安安安安安安安安安安安安安安安安安安安安安安安安安安安安安安安安安安安安安安安安安安安安安安安安安安安安安安安安安安安安安安安安安安安安安安安安安安安安安安安安安安安安安安安安安安安安安安安安安安安安安安安安安安安安安安安安安安安安安安安安安安安安安安安安安安安安安安安安安安安安安安安安安安安安安安安安安安安安安安安安安安安安安安安安安安安安安安安安安安安安安安安安安安安安安安安安安安安安安安安安安安安安安安安安安安安安安安安安安安安安安安安安安安安安安安安安安安安安安安安安安安安安安安安安安安安安安安安安安安安安安安安安安安安安安安安安安安安安安安安安安安安安安安安安安安安安安安安安安安安安安安安安安安安安安安安安安安安安安安安安安安安安安安安安安安安安安安安安安安安安安安安安安安安安安安安安安安安安安安安安安安安安安安安安安安安安安安安安安安安安安安安安安安安安安安安安安安安安安安安安安安安安安安安安安安安安安安安安安安安安安安安安安安安安安安安安安安安安安安安安安安安安安安安安安安安安安安安安安安安安安安安安安安安安安安安安安安安安安安安安安安安安安安安安安安安安安安安安安安安安安安安安安安安安安安安安安安安安安安安安安安安安安安安安安安安安安安安安安安安安安安安安安安安安安安安安安安安安安安安安安安安安安安安安安安安安安安安安安安安安安安安安安安安安安安安安安安安安安安安安安安安安安安安安安安安安安安安安安安安安安安安安安安安安安安安安安安安安安安安安安安安安安安安安安安安安安安安安安安安安安安安安安安安安安安安安安安安安安安安安安安安安安安安安安安安安安安安安安安安安安安安安安安安安安安安安安安安安安安安安安安安安安安安安安安安安安安安安安安安安安安安安安安安安安安安安安安安安安安安安安安安安安安安安安安安安安安安安安安安安安安安安安安安安安安安安安安安安安安安安安安安安安安安安安安安安安安安安安安安安安安安安安安安安安安安安安安安安安安安安安安安安安安安安安安安安安安安安安安安安安安安安安安安安安安安安安安安安安安安安安安安安安安安安安安安安安安安安安安安安安安安安安安安安安安安安安安安安安安安安安安安安安安安安安安安安安安安安安安安安安安安安安安安安安安安安安安安安安安安安安安安安安安安安安安安安安安安安安安安安安安安安安安安安安安安安安安安安安安安安安安安安安安安安安安安安安安安安安安安安安安安安安安安安安安安安安安安安安安安安安安安安安安安安安安安安安安安安安安安安安安安安安安安安安安安安安安安安安安安安安安安安安安安安安安安安安安安安安安安安安安安安安安安安安安安安安安安安安安安安安安安安安安安安安安安安安安安安安安安安安安安安安安安安安安安安安安安安安安安安安安安安安安安安安安安安安安安安安安安安安安安安安安安安安安安安安安安安安安安安安安安安安安安安安安安安安安安安安安安安安安安安安安安安安安安安安安安安安安安安安安安安安安安安安安安安安安安安安安安安安安安安安安安安安安安安安安安安安安安安安安安安安安安安安安安安安安安安安安安安安安安安安安安安安安安安安安安安安安安安安安安安安安安安安安安安安安安安安安安安安安安安安安安安安安安安安安安安安安安安安安安安安安安安安安安安安安安安安安安安安安安安安安安安安安安安安安安安安安安安安安安安安安安安安安安安安安安安安安安安安安安安安安安安安安安安安安安安安安安安安安安安安安安安安安安安安安安安安安安安安安安安安安安安安安安安安安安安安安安安安安安安安安安安安安安安安安安安安安安安安安安安安安安安安安安安安安安安安安安安安安安安安安安安安安安安安安安安安安安安安安安安安安安安安安安安安安安安安安安安安安安安安安安安安安安安安安安安安安安安安安安安安安安安安安安安安安安安安安安安安安安安安安安安安安安安安安安安安安安安安安安安安安安安安安安安安安安安安安安安安安安安安安安安安安安安安安安安安安安安安安安安安安安安安安安安安安安安安安安安安安安安安安安安安安安安安安安安安安安安安安安安安安安安安安安安安安安安安安安安安安安安安安安安安安安安安安安安安安安安安安安安安安安安安安安安安安安安安安安安安安安安安安安安安安安安安安安安安安安安安安安安安安安安安安安安安安安安安安安安安安安安安安安安安安安安安安安安安安安安安安安安安安安安安安安安安安安安安安安安安安安安安安安安安安安安安安安安安安安安安安安安安安安安安安安安安安安安安安安安安安安安安安安安安安安安安安安安安安安安安安安安安安安安安安安安安安安安安安安安安安安安安安安安安安安安安安安安安安安安安安安安安安安安安安安安安安安安安安安安安安安安安安安安安安安安安安安安安安安安安安安安安安安安安安安安安安安安安安安安安安安安安安安安安安安安安安安安安安安安安安安安安安安安安安安安安安安安安安安安安安安安安安安安安安安安安安安安安安安安安安安安安安安安安安安安安安安安安安安安安安安安安安安安安安安安安安安安安安安安安安安安安安安安安安安安安安安安安安安安安安安安安安安安安安安安安安安安安安安安安安安安安安安安安安安安安安安安安安安安安安安安安安安安安安安安安安安安安安安安安安安安安安安安安安安安安安安安安安安安安安安安安安安安安安安安安安安安安安安安安安安安安安安安安安安安安安安安安安安安安安安安安安安安安安安安安安安安安安安安安安安安安安安安安安安安安安安安安安安安安安安安安安安安安安安安安安安安安安安安安安安安安安安安安安安安安安安安安安安安安安安安安安安安安安安安安安安安安安安安安安安安安安安安安安安安安安安安安安安安安安安安安安安安安安安安安安安安安安安安安安安安安安安安安安安安安安安安安安安安安安安安安安安安安安安安安安安安安安安安安安安安安安安安安安安安安安安安安安安安安安安安安安安安安安安安安安安安安安安安安安安安安安安安安安安安安安安安安安安安安安安安安安安安安安安安安安安安安安安安安安安安安安安安安安安安安安安安安安安安安安安安安安安安安安安安安安安安安安安安安安安安安安安安安安安安安安安安安安安安安安安安安安安安安安安安安安安安安安安安安安安安安安安安安安安安安安安安安安安安安安安安安安安安安安安安安安安安安安安安安安安安安安安安安安安安安安安安安安安安安安安安安安安安安安安安安安安安安安安安安安安安安安安安安安安安安安安安安安安安安安安安安安安安安安安安安安安安安安安安安安安安安安安安安安安安安安安安安安安安安安安安安安安安安安安安安安安安安安安安安安安安安安安安安安安安安安安安安安安安安安安安安安安安安安安安安安安安安安安安安安安安安安安安安安安安安安安安安安安安安安安安安安安安安安安安安安安安安安安安安安安安安安安安安安安安安安安安安安安安安安安安安安安安安安安安安安安安安安安安安安安安安安安安安安安安安安安安安安安安安安安安安安安安安安安安安安安安安安安安安安安安安安安安安安安安安安安安安安安安安安安安安安安安安安安安安安安安安安安安安安安安安安安安安安安安安安安安安安安安安安安安安安安安安安安安安安安安安安安安安安安安安安安安安安安安安安安安安安安安安安安安安安安安安安安安安安安安安安安安安安安安安安安安安安安安安安安安安安安安安安安安安安安安安安安安安安安安安安安安安安安安安安安安安安安安安安安安安安安安安安安安安安安安安安安安安安安安安安安安安安安安安安安安安安安安安安安安安安安安安安安安安安安安安安安安安安安安安安安安安安安安安安安安安安安安安安安安安安安安安安安安安安安安安安安安安安安安安安安安安安安安安安安安安安安安安安安安安安安安安安安安安安安安安安安安安安安安安安安安安安安安安安安安安安安安安安安安安安安安安安安安安安安安安安安安安安安安安安安安安安安安安安安安安安安安安安安安安安安安安安安安安安安安安安安安安安安安安安安安安安安安安安安安安安安安安安安安安安安安安安安安安安安安安安安安安安安安安安安安安安安安安安安安安安安安安安安安安安安安安安安安安安安安安安安安安安安安安安安安安安安安安安安安安安安安安安安安安安安安安安安安安安安安安安安安安安安安安安安安安安安安安安安安安安安安安安安安安安安安安安安安安安安安安安安安安安安安安安安安安安安安安安安安安安安安安安安安安安安安安安安安安安安安安安安安安安安安安安安安安安安安安安安安安安安安安安安安安安安安安安安安安安安安安安安安安安安安安安安安安安安安安安安安安安安安安安安安安安安安安安安安安安安安安安安安安安安安安安安安安安安安安安安安安安安安安安安安安安安安安安安安安安安安安安安安安安安安安安安安安安安安安安安安安安安安安安安安安安安安安安安安安安安安安安安安安安安安安安安安安安安安安安安安安安安安安安安安安安安安安安安安安安安安安安安安安安安安安安安安安安安安安安安安安安安安安安安安安安安安安安安安安安安安安安安安安安安安安安安安安安安安安安安安安安安安安安安安安安安安安安安安安安安安安安安安安安安安安安安安安安安安安安安安安安安安安安安安安安安安安安安安安安安安安安安安安安安安安安安安安安安安安安安安安安安安安安安安安安安安安安安安安安安安安安安安安安安安安安安安安安安安安安安安安安安安安安安安安安安安安安安安安安安安安安安安安安安安安安安安安安安安安安安安安安安安安安安安安安安安安安安安安安安安安安安安安安安安安安安安安安安安安安安安安安安安安安安安安安安安安安安安安安安安安安安安安安安安安安安安安安安安安安安安安安安安安安安安安安安安安安安安安安安安安安安安安安安安安安安安安安安安安安安安安安安安安安安安安安安安安安安安安安安安安安安安安安安安安安安安安安安安安安安安安安安安安安安安安安安安安安安安安安安安安安安安安安安安安安安安安安安安安安安安安安安安安安安安安安安安安安安安安安安安安安安安安安安安安安安安安安安安安安安安安安安安安安安安安安安安安安安安安安安安安安安安安安安安安安安安安安安安安安安安安安安安安安安安安安安安安安安安安安安安安安安安安安安安安安安安安安安安安安安安安安安安安安安安安安安安安安安安安安安安安安安安安安安安安安安安安安安安安安安安安安安安安安安安安安安安安安安安安安安安安安安安安安安安安安安安安安安安安安安安安安安安安安安安安安安安安安安安安安安安安安安安安安安安安安安安安安安安安安安安安安安安安安安安安安安安安安安安安安安安安安安安安安安安安安安安安安安安安安安安安安安安安安安安安安安安安安安安安安安安安安安安安安安安安安安安安安安安安安安安安安安安安安安安安安安安安安安安安安安安安安安安安安安安安安安安安安安安安安安安安安安安安安安安安安安安安安安安安安安安安安安安安安安安安安安安安安安安安安安安安安安安安安安安安安安安安安安安安安安安安安安安安安安安安安安安安安安安安安安安安安安安安安安安安安安安安安安安安安安安安安安安安安安安安安安安安安安安安安安安安安安安安安安安安安安安安安安安安安安安安安安安安安安安安安安安安安安安安安安安安安安安安安安安安安安安安安安安安安安安安安安安安安安安安安安安安安安安安安安安安安安安安安安安安安安安安安安安安安安安安安安安安安安安安安安安安安安安安安安安安安安安安安安安安安安安安安安安安安安安安安安安安安安安安安安安安安安安安安安安安安安安安安安安安安安安安安安安安安安安安安安安安安安安安安安安安安安安安安安安安安安安安安安安安安安安安安安安安安安安安安安安安安安安安安安安安安安安安安安安安安安安安安安安安安安安安安安安安安安安安安安安安安安安安安安安安安安安安安安安安安安安安安安安安安安安安安安安安安安安安安安安安安安安安安安安安安安安安安安安安安安安安安安安安安安安安安安安安安安安安安安安安安安安安安安安安安安安安安安安安安安安安安安安安安安安安安安安安安安安安安安安安安安安安安安安安安安安安安安安安安安安安安安安安安安安安安安安安安安安安安安安安安安安安安安安安安安安安安安安安安安安安安安安安安安安安安安安安安安安安安安安安安安安安安安安安安安安安安安安安安安安安安安安安安安安安安安安安安安安安安安安安安安安安安安安安安安安安安安安安安安安安安安安安安安安安安安安安安安安安安安安安安安安安安安安安安安安安安安安安安安安安安安安安安安安安安安安安安安安安安安安安安安安安安安安安安安安安安安安安安安安安安安安安安安安安安安安安安安安安安安安安安安安安安安安安安安安安安安安安安安安安安安安安安安安安安安安安安安安安安安安安安安安安安安安安安安安安安安安安安安安安安安安安安安安安安安安安安安安安安安安安安安安安安安安安安安安安安安安安安安安安安安安安安安安安安安安安安安安安安安安安安安安安安安安安安安安安安安安安安安安安安安安安安安安安安安安安安安安安安安安安安安安安安安安安安安安安安安安安安安安安安安安安安安安安安安安安安安安安安安安安安安安安安安安安安安安安安安安安安安安安安安安安安安安安安安安安安安安安安安安安安安安安安安安安安安安安安安安安安安安安安安安安安安安安安安安安安安安安安安安安安安安安安安安安安安安安安安安安安安安安安安安安安安安安安安安安安安安安安安安安安安安安安安安安安安安安安安安安安安安安安安安安安安安安安安安安安安安安安安安安安安安安安安安安安安安安安安安安安安安安安安安安安安安安安安安安安安安安安安安安安安安安安安安安安安安安安安安安安安安安安安安安安安安安安安安安安安安安安安安安安安安安安安安安安安安安安安安安安安安安安安安安安安安安安安安安安安安安安安安安安安安安安安安安安安安安安安安安安安安安安安安安安安安安安安安安安安安安安安安安安安安安安安安安安安安安安安安安安安安安安安安安安安安安安安安安安安安安安安安安安安安安安安安安安安安安安安安安安安安安安安安安安安安安安安安安安安安安安安安安安安安安安安安安安安安安安安安安安安安安安安安安安安安安安安安安安安安安安安安安安安安安安安安安安安安安安安安安安安安安安安安安安安安安安安安安安安安安安安安安安安安安安安安安安安安安安安安安安安安安安安安安安安安安安安安安安安安安安安安安安安安安安安安安安安安安安安安安安安安安安安安安安安安安安安安安安安安安安安安安安安安安安安安安安安安安安安安安安安安安安安安安安安安安安安安安安安安安安安安安安安安安安安安安安安安安安安安安安安安安安安安安安安安安安安安安安安安安安安安安安安安安安安安安安安安安安安安安安安安安安安安安安安安安安安安安安安安安安安安安安安安安安安安安安安安安安安安安安安安安安安安安安安安安安安安安安安安安安安安安安安安安安安安安安安安安安安安安安安安安安安安安安安安安安安安安安安安安安安安安安安安安安安安安安安安安安安安安安安安安安安安安安安安安安安安安安安安安安安安安安安安安安安安安安安安安安安安安安安安安安安安安安安安安安安安安安安安安安安安安安安安安安安安安安安安安安安安安安安安安安安安安安安安安安安安安安安安安安安安安安安安安安安安安安安安安安安安安安安安安安安安安安安安安安安安安安安安安安安安安安安安安安安安安安安安安安安安安安安安安安安安安安安安安安安安安安安安安安安安安安安安安安安安安安安安安安安安安安安安安安安安安安安安安安安安安安安安安安安安安安安安安安安安安安安安安安安安安安安安安安安安安安安安安安安安安安安安安安安安安安安安安安安安安安安安安安安安安安安安安安安安安安安安安安安安安安安安安安安安安安安安安安安安安安安安安安安安安安安安安安安安安安安安安安安安安安安安安安安安安安安安安安安安安安安安安安安安安安安安安安安安安安安安安安安安安安安安安安安安安安安安安安安安安安安安安安安安安安安安安安安安安安安安安安安安安安安安安安安安安安安安安安安安安安安安安安安安安安安安安安安安安安安安安安安安安安安安安安安安安安安安安安安安安安安安安安安安安安安安安安安安安安安安安安安安安安安安安安安安安安安安安安安安安安安安安安安安安安安安安安安安安安安安安安安安安安安安安安安安安安安安安安安安安安安安安安安安安安安安安安安安安安安安安安安安安安安安安安安安安安安安安安安安安安安安安安安安安安安安安安安安安安安安安安安安安安安安安安安安安安安安安安安安安安安安安安安安安安安安安安安安安安安安安安安安安安安安安安安安安安安安安安安安安安安安安安安安安安安安安安安安安安安安安安安安安安安安安安安安安安安安安安安安安安安安安安安安安安安安安安安安安安安安安安安安安安安安安安安安安安安安安安安安安安安安安安安安安安安安安安安安安安安安安安安安安安安安安安安安安安安安安安安安安安安安安安安安安安安安安安安安安安安安安安安安安安安安安安安安安安安安安安安安安安安安安安安安安安安安安安安安安安安安安安安安安安安安安安安安安安安安安安安安安安安安安安安安安安安安安安安安安安安安安安安安安安安安安安安安安安安安安安安安安安安安安安安安安安安安安安安安安安安安安安安安安安安安安安安安安安安安安安安安安安安安安安安安安安安安安安安安安安安安安安安安安安安安安安安安安安安安安安安安安安安安安安安安安安安安安安安安安安安安安安安安安安安安安安安安安安安安安安安安安安安安安安安安安安安安安安安安安安安安安安安安安安安安安安安安安安安安安安安安安安安安安安安安安安安安安安安安安安安安安安安安安安安安安安安安安安安安安安安安安安安安安安安安安安安安安安安安安安安安安安安安安安安安安安安安安安安安安安安安安安安安安安安安安安安安安安安安安安安安安安安安安安安安安安安安安安安安安安安安安安安安安安安安安安安安安安安安安安安安安安安安安安安安安安安安安安安安安安安安安安安安安安安安安安安安安安安安安安安安安安安安安安安安安安安安安安安安安安安安安安安安安安安安安安安安安安安安安安安安安安安安安安安安安安安安安安安安安安安安安安安安安安安安安安安安安安安安安安安安安安安安安安安安安安安安安安安安安安安安安安安安安安安安安安安安安安安安安安安安安安安安安安安安安安安安安安安安安安安安安安安安安安安安安安安安安安安安安安安安安安安安安安安安安安安安安安安安安安安安安安安安安安安安安安安安安安安安安安安安安安安安安安安安安安安安安安安安安安安安安安安安安安安安安安安安安安安安安安安安安安安安安安安安安安安安安安安安安安安安安安安安安安安安安安安安安安安安安安安安安安安安安安安安安安安安安安安安安安安安安安安安安安安安安安安安安安安安安安安安安安安安安安安安安安安安安安安安安安安安安安安安安安安安安安安安安安安安安安安安安安安安安安安安安安安安安安安安安安安安安安安安安安安安安安安安安安安安安安安安安安安安安安安安安安安安安安安安安安安安安安安安安安安安安安安安安安安安安安安安安安安安安安安安安安安安安安安安安安安安安安安安安安安安安安安安安安安安安安安安安安安安安安安安安安安安安安安安安安安安安安安安安安安安安安安安安安安安安安安安安安安安安安安安安安安安安安安安安安安安安安安安安安安安安安安安安安安安安安安安安安安安安安安安安安安安安安安安安安安安安安安安安安安安安安安安安安安安安安安安安安安安安安安安安安安安安安安安安安安安安安安安安安安安安安安安安安安安安安安安安安安安安安安安安安安安安安安安安安安安安安安安安安安安安安安安安安安安安安安安安安安安安安安安安安安安安安安安安安安安安安安安安安安安安安安安安安安安安安安安安安安安安安安安安安安安安安安安安安安安安安安安安安安安安安安安安安安安安安安安安安安安安安安安安安安安安安安安安安安安安安安安安安安安安安安安安安安安安安安安安安安安安安安安安安安安安安安安安安安安安安安安安安安安安安安安安安安安安安安安安安安安安安安安安安安安安安安安安安安安安安安安安安安安安安安安安安安安安安安安安安安安安安安安安安安安安安安安安安安安安安安安安安安安安安安安安安安安安安安安安安安安安安安安安安安安安安安安安安安安安安安安安安安安安安安安安安安安安安安安安安安安安安安安安安安安安安安安安安安安安安安安安安安安安安安安安安安安安安安安安安安安安安安安安安安安安安安安安安安安安安安安安安安安安安安安安安安安安安安安安安安安安安安安安安安安安安安安安安安安安安安安安安安安安安安安安安安安安安安安安安安安安安安安安安安安安安安安安安安安安安安安安安安安安安安安安安安安安安安安安安安安安安安安安安安安安安安安安安安安安安安安安安安安安安安安安安安安安安安安安安安安安安安安安安安安安安安安安安安安安安安安安安安安安安安安安安安安安安安安安安安安安安安安安安安安安安安安安安安安安安安安安安安安安安安安安安安安安安安安安安安安安安安安安安安安安安安安安安安安安安安安安安安安安安安安安安安安安安安安安安安安安安安安安安安安安安安安安安安安安安安安安安安安安安安安安安安安安安安安安安安安安安安安安安安安安安安安安安安安安安安安安安安安安安安安安安安安安安安安安安安安安安安安安安安安安安安安安安安安安安安安安安安安安安安安安安安安安安安安安安安安安安安安安安安安安安安安安安安安安安安安安安安安安安安安安安安安安安安安安安安安安安安安安安安安安安安安安安安安安安安安安安安安安安安安安安安安安安安安安安安安安安安安安安安安安安安安安安安安安安安安安安安安安安安安安安安安安安安安安安安安安安安安安安安安安安安安安安安安安安安安安安安安安安安安安安安安安安安安安安安安安安安安安安安安安安安安安安安安安安安安安安安安安安安安安安安安安安安安安安安安安安安安安安安安安安安安安安安安安安安安安安安安安安安安安安安安安安安安安安安安安安安安安安安安安安安安安安安安安安安安安安安安安安安安安安安安安安安安安安安安安安安安安安安安安安安安安安安安安安安安安安安安安安安安安安安安安安安安安安安安安安安安安安安安安安安安安安安安安安安安安安安安安安安安安安安安安安安安安安安安安安安安安安安安安安安安安安安安安安安安安安安安安安安安安安安安安安安安安安安安安安安安安安安安安安安安安安安安安安安安安安安安安安安安安安安安安安安安安安安安安安安安安安安安安安安安安安安安安安安安安安安安安安安安安安安安安安安安安安安安安安安安安安安安安安安安安安安安安安安安安安安安安安安安安安安安安安安安安安安安安安安安安安安安安安安安安安安安安安安安安安安安安安安安安安安安安安安安安安安安安安安安安安安安安安安安安安安安安安安安安安安安安安安安安安安安安安安安安安安安安安安安安安安安安安安安安安安安安安安安安安安安安安安安安安安安安安安安安安安安安安安安安安安安安安安安安安安安安安安安安安安安安安安安安安安安安安安安安安安安安安安安安安安安安安安安安安安安安安安安安安安安安安安安安安安安安安安安安安安安安安安安安安安安安安安安安安安安安安安安安安安安安安安安安安安安安安安安安安安安安安安安安安安安安安安安安安安安安安安安安安安安安安安安安安安安安安安安安安安安安安安安安安安安安安安安安安安安安安安安安安安安安安安安安安安安安安安安安安安安安安安安安安安安安安安安安安安安安安安安安安安安安安安安安安安安安安安安安安安安安安安安安安安安安安安安安安安安安安安安安安安安安安安安安安安安安安安安安安安安安安安安安安安安安安安安安安安安安安安安安安安安安安安安安安安安安安安安安安安安安安安安安安安安安安安安安安安安安安安安安安安安安安安安安安安安安安安安安安安安安安安安安安安安安安安安安安安安安安安安安安安安安安安安安安安安安安安安安安安安安安安安安安安安安安安安安安安安安安安安安安安安安安安安安安安安安安安安安安安安安安安安安安安安安安安安安安安安安安安安安安安安安安安安安安安安安安安安安安安安安安安安安安安安安安安安安安安安安安安安安安安安安安安安安安安安安安安安安安安安安安安安安安安安安安安安安安安安安安安安安安安安安安安安安安安安安安安安安安安安安安安安安安安安安安安安安安安安安安安安安安安安安安安安安安安安安安安安安安安安安安安安安安安安安安安安安安安安安安安安安安安安安安安安安安安安安安安安安安安安安安安安安安安安安安安安安安安安安安安安安安安安安安安安安安安安安安安安安安安安安安安安安安安安安安安安安安安安安安安安安安安安安安安安安安安安安安安安安安安安安安安安安安安安安安安安安安安安安安安安安安安安安安安安安安安安安安安安安安安安安安安安安安安安安安安安安安安安安安安安安安安安安安安安安安安安安安安安安安安安安安安安安安安安安安安安安安安安安安安安安安安安安安安安安安安安安安安安安安安安安安安安安安安安安安安安安安安安安安安安安安安安安安安安安安安安安安安安安安安安安安安安安安安安安安安安安安安安安安安安安安安安安安安安安安安安安安安安安安安安安安安安安安安安安安安安安安安安安安安安安安安安安安安安安安安安安安安安安安安安安安安安安安安安安安安安安安安安安安安安安安安安安安安安安安安安安安安安安安安安安安安安安安安安安安安安安安安安安安安安安安安安安安安安安安安安安安安安安安安安安安安安安安安安安安安安安安安安安安安安安安安安安安安安安安安安安安安安安安安安安安安安安安安安安安安安安安安安安安安安安安安安安安安安安安安安安安安安安安安安安安安安安安安安安安安安安安安安安安安安安安安安安安安安安安安安安安安安安安安安安安安安安安安安安安安安安安安安安安安安安安安安安安安安安安安安安安安安安安安安安安安安安安安安安安安安安安安安安安安安安安安安安安安安安安安安安安安安安安安安安安安安安安安安安安安安安安安安安安安安安安安安安安安安安安安安安安安安安安安安安安安安安安安安安安安安安安安安安安安安安安安安安安安安安安安安安安安安安安安安安安安安安安安安安安安安安安安安安安安安安安安安安安安安安安安安安安安安安安安安安安安安安安安安安安安安安安安安安安安安安安安安安安安安安安安安安安安安安安安安安安安安安安安安安安安安安安安安安安安安安安安安安安安安安安安安安安安安安安安安安安安安安安安安安安安安安安安安安安安安安安安安安安安安安安安安安安安安安安安安安安安安安安安安安安安安安安安安安安安安安安安安安安安安安安安安安安安安安安安安安安安安安安安安安安安安安安安安安安安安安安安安安安安安安安安安安安安安安安安安安安安安安安安安安安安安安安安安安安安安安安安安安安安安安安安安安安安安安安安安安安安安安安安安安安安安安安安安安安安安安安安安安安安安安安安安安安安安安安安安安安安安安安安安安安安安安安安安安安安安安安安安安安安安安安安安安安安安安安安安安安安安安安安安安安安安安安安安安安安安安安安安安安安安安安安安安安安安安安安安安安安安安安安安安安安安安安安安安安安安安安安安安安安安安安安安安安安安安安安安安安安安安安安安安安安安安安安安安安安安安安安安安安安安安安安安安安安安安安安安安安安安安安安安安安安安安安安安安安安安安安安安安安安安安安安安安安安安安安安安安安安安安安安安安安安安安安安安安安安安安安安安安安安安安安安安安安安安安安安安安安安安安安安安安安安安安安安安安安安安安安安安安安安安安安安安安安安安安安安安安安安安安安安安安安安安安安安安安安安安安安安安安安安安安安安安安安安安安安安安安安安安安安安安安安安安安安安安安安安安安安安安安安安安安安安安安安安安安安安安安安安安安安安安安安安安安安安安安安安安安安安安安安安安安安安安安安安安安安安安安安安安安安安安安安安安安安安安安安安安安安安安安安安安安安安安安安安安安安安安安安安安安安安安安安安安安安安安安安安安安安安安安安安安安安安安安安安安安安安安安安安安安安安安安安安安安安安安安安安安安安安安安安安安安安安安安安安安安安安安安安安安安安安安安安安安安安安安安安安安安安安安安安安安安安安安安安安安安安安安安安安安安安安安安安安安安安安安安安安安安安安安安安安安安安安安安安安安安安安安安安安安安安安安安安安安安安安安安安安安安安安安安安安安安安安安安安安安安安安安安安安安安安安安安安安安安安安安安安安安安安安安安安安安安安安安安安安安安安安安安安安安安安安安安安安安安安安安安安安安安安安安安安安安安安安安安安安安安安安安安安安安安安安安安安安安安安安安安安安安安安安安安安安安安安安安安安安安安安安安安安安安安安安安安安安安安安安安安安安安安安安安安安安安安安安安安安安安安安安安安安安安安安安安安安安安安安安安安安安安安安安安安安安安安安安安安安安安安安安安安安安安安安安安安安安安安安安安安安安安安安安安安安安安安安安安安安安安安安安安安安安安安安安安安安安安安安安安安安安安安安安安安安安安安安安安安安安安安安安安安安安安安安安安安安安安安安安安安安安安安安安安安安安安安安安安安安安安安安安安安安安安安安安安安安安安安安安安安安安安安安安安安安安安安安安安安安安安安安安安安安安安安安安安安安安安安安安安安安安安安安安安安安安安安安安安安安安安安安安安安安安安安安安安安安安安安安安安安安安安安安安安安安安安安安安安安安安安安安安安安安安安安安安安安安安安安安安安安安安安安安安安安安安安安安安安安安安安安安安安安安安安安安安安安安安安安安安安安安安安安安安安安安安安安安安安安安安安安安安安安安安安安安安安安安安安安安安安安安安安安安安安安安安安安安安安安安安安安安安安安安安安安安安安安安安安安安安安安安安安安安安安安安安安安安安安安安安安安安安安安安安安安安安安安安安安安安安安安安安安安安安安安安安安安安安安安安安安安安安安安安安安安安安安安安安安安安安安安安安安安安安安安安安安安安安安安安安安安安安安安安安安安安安安安安安安安安安安安安安安安安安安安安安安安安安安安安安安安安安安安安安安安安安安安安安安安安安安安安安安安安安安安安安安安安安安安安安安安安安安安安安安安安安安安安安安安安安安安安安安安安安安安安安安安安安安安安安安安安安安安安安安安安安安安安安安安安安安安安安安安安安安安安安安安安安安安安安安安安安安安安安安安安安安安安安安安安安安安安安安安安安安安安安安安安安安安安安安安安安安安安安安安安安安安安安安安安安安安安安安安安安安安安安安安安安安安安安安安安安安安安安安安安安安安安安安安安安安安安安安安安安安安安安安安安安安安安安安安安安安安安安安安安安安安安安安安安安安安安安安安安安安安安安安安安安安安安安安安安安安安安安安安安安安安安安安安安安安安安安安安安安安安安安安安安安安安安安安安安安安安安安安安安安安安安安安安安安安安安安安安安安安安安安安安安安安安安安安安安安安安安安安安安安安安安安安安安安安安安安安安安安安安安安安安安安安安安安安安安安安安安安安安安安安安安安安安安安安安安安安安安安安安安安安安安安安安安安安安安安安安安安安安安安安安安安安安安安安安安安安安安安安安安安安安安安安安安安安安安安安安安安安安安安安安安安安安安安安安安安安安安安安安安安安安安安安安安安安安安安安安安安安安安安安安安安安安安安安安安安安安安安安安安安安安安安安安安安安安安安安安安安安安安安安安安安安安安安安安安安安安安安安安安安安安安安安安安安安安安安安安安安安安安安安安安安安安安安安安安安安安安安安安安安安安安安安安安安安安安安安安安安安安安安安安安安安安安安安安安安安安安安安安安安安安安安安安安安安安安安安安安安安安安安安安安安安安安安安安安安安安安安安安安安安安安安安安安安安安安安安安安安安安安安安安安安安安安安安安安安安安安安安安安安安安安安安安安安安安安安安安安安安安安安安安安安安安安安安安安安安安安安安安安安安安安安安安安安安安安安安安安安安安安安安安安安安安安安安安安安安安安安安安安安安安安安安安安安安安安安安安安安安安安安安安安安安安安安安安安安安安安安安安安安安安安安安安安安安安安安安安安安安安安安安安安安安安安安安安安安安安安安安安安安安安安安安安安安安安安安安安安安安安安安安安安安安安安安安安安安安安安安安安安安安安安安安安安安安安安安安安安安安安安安安安安安安安安安安安安安安安安安安安安安安安安安安安安安安安安安安安安安安安安安安安安安安安安安安安安安安安安安安安安安安安安安安安安安安安安安安安安安安安安安安安安安安安安安安安安安安安安安安安安安安安安安安安安安安安安安安安安安安安安安安安安安安安安安安安安安安安安安安安安安安安安安安安安安安安安安安安安安安安安安安安安安安安安安安安安安安安安安安安安安安安安安安安安安安安安安安安安安安安安安安安安安安安安安安安安安安安安安安安安安安安安安安安安安安安安安安安安安安安安安安安安安安安安安安安安安安安安安安安安安安安安安安安安安安安安安安安安安安安安安安安安安安安安安安安安安安安安安安安安安安安安安安安安安安安安安安安安安安安安安安安安安安安安安安安安安安安安安安安安安安安安安安安安安安安安安安安安安安安安安安安安安安安安安安安安安安安安安安安安安安安安安安安安安安安安安安安安安安安安安安安安安安安安安安安安安安安安安安安安安安安安安安安安安安安安安安安安安安安安安安安安安安安安安安安安安安安安安安安安安安安安安安安安安安安安安安安安安安安安安安安安安安安安安安安安安安安安安安安安安安安安安安安安安安安安安安安安安安安安安安安安安安安安安安安安安安安安安安安安安安安安安安安安安安安安安安安安安安安安安安安安安安安安安安安安安安安安安安安安安安安安安安安安安安安安安安安安安安安安安安安安安安安安安安安安安安安安安安安安安安安安安安安安安安安安安安安安安安安安安安安安安安安安安安安安安安安安安安安安安安安安安安安安安安安安安安安安安安安安安安安安安安安安安安安安安安安安安安安安安安安安安安安安安安安安安安安安安安安安安安安安安安安安安安安安安安安安安安安安安安安安安安安安安安安安安安安安安安安安安安安安安安安安安安安安安安安安安安安安安安安安安安安安安安安安安安安安安安安安安安安安安安安安安安安安安安安安安安安安安安安安安安安安安安安安安安安安安安安安安安安安安安安安安安安安安安安安安安安安安安安安安安安安安安安安安安安安安安安安安安安安安安安安安安安安安安安安安安安安安安安安安安安安安安安安安安安安安安安安安安安安安安安安安安安安安安安安安安安安安安安安安安安安安安安安安安安安安安安安安安安安安安安安安安安安安安安安安安安安安安安安安安安安安安安安安安安安安安安安安安安安安安安安安安安安安安安安安安安安安安安安安安安安安安安安安安安安安安安安安安安安安安安安安安安安安安安安安安安安安安安安安安安安安安安安安安安安安安安安安安安安安安安安安安安安安安安安安安安安安安安安安安安安安安安安安安安安安安安安安安安安安安安安安安安安安安安安安安安安安安安安安安安安安安安安安安安安安安安安安安安安安安安安安安安安安安安安安安安安安安安安安安安安安安安安安安安安安安安安安安安安安安安安安安安安安安安安安安安安安安安安安安安安安安安安安安安安安安安安安安安安安安安安安安安安安安安安安安安安安安安安安安安安安安安安安安安安安安安安安安安安安安安安安安安安安安安安安安安安安安安安安安安安安安安安安安安安安安安安安安安安安安安安安安安安安安安安安安安安安安安安安安安安安安安安安安安安安安安安安安安安安安安安安安安安安安安安安安安安安安安安安安安安安安安安安安安安安安安安安安安安安安安安安安安安安安安安安安安安安安安安安安安安安安安安安安安安安安安安安安安安安安安安安安安安安安安安安安安安安安安安安安安安安安安安安安安安安安安安安安安安安安安安安安安安安安安安安安安安安安安安安安安安安安安安安安安安安安安安安安安安安安安安安安安安安安安安安安安安安安安安安安安安安安安安安安安安安安安安安安安安安安安安安安安安安安安安安安安安安安安安安安安安安安安安安安安安安安安安安安安安安安安安安安安安安安安安安安安安安安安安安安安安安安安安安安安安安安安安安安安安安安安安安安安安安安安安安安安安安安安安安安安安安安安安安安安安安安安安安安安安安安安安安安安安安安安安安安安安安安安安安安安安安安安安安安安安安安安安安安安安安安安安安安安安安安安安安安安安安安安安安安安安安安安安安安安安安安安安安安安安安安安安安安安安安安安安安安安安安安安安安安安安安安安安安安安安安安安安安安安安安安安安安安安安安安安安安安安安安安安安安安安安安安安安安安安安安安安安安安安安安安安安安安安安安安安安安安安安安安安安安安安安安安安安安安安安安安安安安安安安安安安安安安安安安安安安安安安安安安安安安安安安安安安安安安安安安安安安安安安安安安安安安安安安安安安安安安安安安安安安安安安安安安安安安安安安安安安安安安安安安安安安安安安安安安安安安安安安安安安安安安安安安安安安安安安安安安安安安安安安安安安安安安安安安安安安安安安安安安安安安安安安安安安安安安安安安安安安安安安安安安安安安安安安安安安安安安安安安安安安安安安安安安安安安安安安安安安安安安安安安安安安安安安安安安安安安安安安安安安安安安安安安安安安安安安安安安安安安安安安安安安安安安安安安安安安安安安安安安安安安安安安安安安安安安安安安安安安安安安安安安安安安安安安安安安安安安安安安安安安安安安安安安安安安安安安安安安安安安安安安安安安安安安安安安安安安安安安安安安安安安安安安安安安安安安安安安安安安安安安安安安安安安安安安安安安安安安安安安安安安安安安安安安安安安安安安安安安安安安安安安安安安安安安安安安安安安安安安安安安安安安安安安安安安安安安安安安安安安安安安安安安安安安安安安安安安安安安安安安安安安安安安安安安安安安安安安安安安安安安安安安安安安安安安安安安安安安安安安安安安安安安安安安安安安安安安安安安安安安安安安安安安安安安安安安安安安安安安安安安安安安安安安安安安安安安安安安安安安安安安安安安安安安安安安安安安安安安安安安安安安安安安安安安安安安安安安安安安安安安安安安安安安安安安安安安安安安安安安安安安安安安安安安安安安安安安安安安安安安安安安安安安安安安安安安安安安安安安安安安安安安安安安安安安安安安安安安安安安安安安安安安安安安安安安安安安安安安安安安安安安安安安安安安安安安安安安安安安安安安安安安安安安安安安安安安安安安安安安安安安安安安安安安安安安安安安安安安安安安安安安安安安安安安安安安安安安安安安安安安安安安安安安安安安安安安安安安安安安安安安安安安安安安安安安安安安安安安安安安安安安安安安安安安安安安安安安安安安安安安安安安安安安安安安安安安安安安安安安安安安安安安安安安安安安安安安安安安安安安安安安安安安安安安安安安安安安安安安安安安安安安安安安安安安安安安安安安安安安安安安安安安安安安安安安安安安安安安安安安安安安安安安安安安安安安安安安安安安安安安安安安安安安安安安安安安安安安安安安安安安安安安安安安安安安安安安安安安安安安安安安安安安安安安安安安安安安安安安安安安安安安安安安安安安安安安安安安安安安安安安安安安安安安安安安安安安安安安安安安安安安安安安安安安安安安安安安安安安安安安安安安安安安安安安安安安安安安安安安安安安安安安安安安安安安安安安安安安安安安安安安安安安安安安安安安安安安安安安安安安安安安安安安安安安安安安安安安安安安安安安安安安安安安安安安安安安安安安安安安安安安安安安安安安安安安安安安安安安安安安安安安安安安安安安安安安安安安安安安安安安安安安安安安安安安安安安安安安安安安安安安安安安安安安安安安安安安安安安安安安安安安安安安安安安安安安安安安安安安安安安安安安安安安安安安安安安安安安安安安安安安安安安安安安安安安安安安安安安安安安安安安安安安安安安安安安安安安安安安安安安安安安安安安安安安安安安安安安安安安安安安安安安安安安安安安安安安安安安安安安安安安安安安安安安安安安安安安安安安安安安安安安安安安安安安安安安安安安安安安安安安安安安安安安安安安安安安安安安安安安安安安安安安安安安安安安安安安安安安安安安安安安安安安安安安安安安安安安安安安安安安安安安安安安安安安安安安安安安安安安安安安安安安安安安安安安安安安安安安安安安安安安安安安安安安安安安安安安安安安安安安安安安安安安安安安安安安安安安安安安安安安安安安安安安安安安安安安安安安安安安安安安安安安安安安安安安安安安安安安安安安安安安安安安安安安安安安安安安安安安安安安安安安安安安安安安安安安安安安安安安安安安安安安安安安安安安安安安安安安安安安安安安安安安安安安安安安安安安安安安安安安安安安安安安安安安安安安安安安安安安安安安安安安安安安安安安安安安安安安安安安安安安安安安安安安安安安安安安安安安安安安安安安安安安安安安安安安安安安安安安安安安安安安安安安安安安安"  engine=FTS5 trigram + bm25  hits=0
  stderr : (无)
  判定   : 零退出

=== C8 列名/权重注入尝试  argv=["安全\" NEAR/99 \"闸门"] ===
  expect : 期望：列权重语法被接受（bm25 可被操纵）
  exit   : 1
  stdout : (无 stdout)
  stderr : file:///Users/apple/Documents/workProject/%E8%AF%95%E9%AA%8C/skill%E6%BC%94%E7%A4%BA%E5%9C%BA/demos/20260925-1845-sqlite-database-expert/query.mjs:18
  判定   : 未捕获异常 → 崩溃  << stderr 含原始 SQLite/FTS5 错误 + 源码绝对路径（信息泄露）

汇总：9 例中 3 例为「未捕获异常崩溃 / 错误文本外泄」（不含被干净拒绝的用例）

===== [2] PoC-A 修复版 query.fixed.mjs（同 9 例）=====

=== H0 基线（正常词）  argv=["安全闸门","3"] ===
  expect : 对照组
  exit   : 0
  stdout : query="安全闸门"  engine=FTS5 trigram + bm25  hits=3  (+3 行)
  stderr : (无)
  判定   : 零退出

=== C1 未闭合引号  argv=["\""] ===
  expect : 期望：解析错误文本外泄
  exit   : 2
  stdout : search failed: query has no searchable characters
  stderr : (无)
  判定   : 拒绝并退出码 2，仅固定文案（安全失败）

=== C2 裸 AND（残缺布尔式）  argv=["安全 AND"] ===
  expect : 期望：FTS5 语法错误全文
  exit   : 0
  stdout : query="安全 AND"  engine=FTS5 trigram + bm25  hits=0
  stderr : (无)
  判定   : 零退出

=== C3 布尔式改写（引号配对逃逸）  argv=["闸门\") OR (\"src"] ===
  expect : 期望：改变检索语义
  exit   : 0
  stdout : query="闸门) OR (src"  engine=FTS5 trigram + bm25  hits=0
  stderr : (无)
  判定   : 零退出

=== C4 逻辑扩权（把窄查询变全表）  argv=["安全\" OR \"闸门\" OR \"无肌肉"] ===
  expect : 期望：命中集 ≠ 字面短语
  exit   : 0
  stdout : query="安全 OR 闸门 OR 无肌肉"  engine=FTS5 trigram + bm25  hits=0
  stderr : (无)
  判定   : 零退出

=== C5 LIMIT 参数未校验  argv=["安全闸门","abc"] ===
  expect : 期望：Number() → NaN 直接进入绑定
  exit   : 2
  stdout : search failed: limit must be an integer
  stderr : (无)
  判定   : 拒绝并退出码 2，仅固定文案（安全失败）

=== C6 LIMIT 负数/超大  argv=["安全闸门","-1"] ===
  expect : 期望：无上限约束
  exit   : 0
  stdout : query="安全闸门"  engine=FTS5 trigram + bm25  hits=1  (+1 行)
  stderr : (无)
  判定   : 零退出

=== C7 超长查询串  argv=["安安安安安安安安安安安安安安安安安安安安安安安安安安安安安安安安安安安安安安安安…(20000 chars)"] ===
  expect : 期望：无长度上限
  exit   : 2
  stdout : search failed: query too long
  stderr : (无)
  判定   : 拒绝并退出码 2，仅固定文案（安全失败）

=== C8 列名/权重注入尝试  argv=["安全\" NEAR/99 \"闸门"] ===
  expect : 期望：列权重语法被接受（bm25 可被操纵）
  exit   : 0
  stdout : query="安全 NEAR/99 闸门"  engine=FTS5 trigram + bm25  hits=0
  stderr : (无)
  判定   : 零退出

汇总：9 例中 0 例为「未捕获异常崩溃 / 错误文本外泄」（不含被干净拒绝的用例）

===== [3] PoC-B frostlight-gather.html 篡改链（headless Chrome + file://，零网络）=====

[1] 发布产物暴露的全局调试面（未鉴权、无开关）
  hooks                          {"advanceTime":"function","render_game_to_text":"function","__game":"object","__game_keys":"state,CONSTANTS,crystals,wraiths,lights,scene,camera,renderer,fox,composer,bloomPass,gradePass,fxaaPass,terrainHeight,setSound,teleport,setYaw","__game_writes_state":true}
  baseline 状态                    "mode=title crystals=0/8 timeLeft=60.00 score=0 best=0"

[2] 攻击者视角：控制台 3 行改分并强制结算（不打游戏）
  篡改后即时状态                        {"started_mode":"playing","score":99999,"best":99999,"mode":"lose","localStorage_best":"99999","hud":"Best 99999"}

[3] 持久性：重新加载页面（等价于用户下次打开）
  刷新后                            {"localStorage_best":"99999","state_best":99999,"hud_best":"Best 99999","state_score":0,"crystals":"crystals=0/8"}

[4] 对照：不经任何 JS、纯玩法可得的最好结果（60s 内自动跑）
  零操作 60s 的真实得分                  {"mode":"lose","score":0,"best":0,"localStorage_best":null}

[5] 单文件产物里是否有任何服务端/完整性校验（期望：无）
  运行期网络/CSP                      {"requests_to_network":0,"service_worker":true,"csp_meta":false,"integrity_attrs":0,"script_src_external":0,"inline_script_tags":3}

结论：篡改链闭环 = 成立（写盘+跨刷新+HUD 显示，零校验）
pageerror 数 = 0

===== [4] PoC-C 供应链 / 密钥 / 发布面（poc-supply.mjs）=====

[C-1] 已发布面（git 跟踪的 59 个文件）里是否存在 .env / 私钥 / 凭据形状的命中
  跟踪文件=59  宽松关键词命中=12  凭据形状命中=0
  宽松命中样例（须人工分诊）: demos/20260925-1723-drafter/skill-lab-pipeline-blueprint.html:1 | demos/20260925-1810-algorithmic-art/art-index.html:28 | demos/20260925-1845-sqlite-database-expert/build-db.mjs:2 | demos/20260925-1845-sqlite-database-expert/lab.db:1 | demos/20260925-1845-sqlite-database-expert/output.log:2 | demos/20260925-1845-sqlite-database-expert/query.mjs:1
  结论: 未发现可使用的凭据；宽松规则 100% 为文档示例/CSS 误报

[C-2] git 全历史 diff 扫描（.gitignore 只挡未来提交，历史里的东西挡不住）
  历史新增行数=10326  其中凭据形状=0
  零命中 → 7 轮累计提交未泄露凭据
  本机绝对路径出现次数=44（发布面泄露用户名/目录结构，属 A05 低危，但对本 LAB 是「谁在跑」的指纹）

[C-3] 内联第三方库的自证能力（版本横幅 / 摘要 / 依赖清单三件套是否齐备）
  demos/20260925-1810-algorithmic-art/art-index.html
    库=p5 体积=998549B 版本横幅="/*! p5.js v1.7.0 July 10, 2023 */"
    产物内是否记载来源摘要/校验值=否  仓库是否有锁文件=false
  demos/20260925-2332-build-game/frostlight-gather.html
    库=three 体积=750620B 版本横幅=null
    产物内是否记载来源摘要/校验值=否  仓库是否有锁文件=false
  demos/20260925-2332-build-game/postfx.bundle.js
    库=three-addons 体积=39825B 版本横幅=null
    产物内是否记载来源摘要/校验值=否  仓库是否有锁文件=false
  → 已写出 integrity-manifest.json（修复建议的落地件）

[C-4] 第三方技能包的执行面（本任务会把 SKILL.md 当指令读并照做 = 提示注入面）
  SKILL.md=36  内含 shell 级指令=16（44%）→ 每条都要过安全闸门，无人值守时按最保守解释执行
  已发生实例：state.json.skills_seen 中 story-invite-poster 被记 blocked，原文要求「对我的本地代理说去安装这个 URL」（代理级注入）；dlazy-vectorize / gif-maker-free 因「上传本地图到外部服务」被排除（内容外发）
