# 第 9 轮 xlsx 技能验证 · 真实命令输出

$ which soffice libreoffice   # 技能强制的 recalc.py 依赖
soffice not found
libreoffice not found

$ python3 -m pip install --target .tmp/pylibs --index-url https://mirrors.aliyun.com/pypi/simple/ openpyxl formulas   # 29.7s
installed: openpyxl 3.1.5 / formulas 1.3.4 (+numpy 2.5.3, scipy 1.18.1, schedula, numpy-financial)

$ PYTHONPATH=../../.tmp/pylibs python3 measure.py
{'run': 1, 'date': '2026-09-25', 'skill': 'drafter', 'source': '官方市场', 'kind': '工程图纸 HTML', 'bytes': 15146, 'seconds': 420, 'pass': 34, 'fail': 4, 'installed': 1, 'verdict': '留用', 'path': 'demos/20260925-1723-drafter/skill-lab-pipeline-blueprint.html', 'dir': '20260925-1723-drafter'}
{'run': 2, 'date': '2026-09-25', 'skill': 'ascii-project-dashboard', 'source': '官方市场', 'kind': '终端 ASCII 看板', 'bytes': 2846, 'seconds': 600, 'pass': 20, 'fail': 6, 'installed': 1, 'verdict': '留用', 'path': 'demos/20260925-1737-ascii-project-dashboard/dashboard.txt', 'dir': '20260925-1737-ascii-project-dashboard'}
{'run': 3, 'date': '2026-09-25', 'skill': 'algorithmic-art', 'source': '外部仓库', 'kind': '生成艺术 HTML', 'bytes': 998549, 'seconds': 1140, 'pass': 20, 'fail': 0, 'installed': 0, 'verdict': '留用', 'path': 'demos/20260925-1810-algorithmic-art/art-index.html', 'dir': '20260925-1810-algorithmic-art'}
{'run': 4, 'date': '2026-09-25', 'skill': 'SQLite-Database-Expert', 'source': '本机已装', 'kind': 'SQLite 检索库', 'bytes': 299008, 'seconds': 780, 'pass': 14, 'fail': 1, 'installed': 0, 'verdict': '留用', 'path': 'demos/20260925-1845-sqlite-database-expert/lab.db', 'dir': '20260925-1845-sqlite-database-expert'}
{'run': 5, 'date': '2026-09-25', 'skill': 'ppt-generator', 'source': '官方市场', 'kind': '幻灯片 PPTX', 'bytes': 48873, 'seconds': 600, 'pass': 14, 'fail': 0, 'installed': 1, 'verdict': '留用', 'path': 'demos/20260925-1906-ppt-generator/skill-showcase-pixel-retro.pptx', 'dir': '20260925-1906-ppt-generator'}
{'run': 6, 'date': '2026-09-25', 'skill': 'graphic-gif', 'source': '官方市场', 'kind': '动画 GIF', 'bytes': 48293, 'seconds': 900, 'pass': 27, 'fail': 1, 'installed': 1, 'verdict': '留用', 'path': 'demos/20260925-1950-graphic-gif/animation.gif', 'dir': '20260925-1950-graphic-gif'}
{'run': 7, 'date': '2026-09-25', 'skill': 'build-game', 'source': '官方市场', 'kind': '3D 游戏 HTML', 'bytes': 750620, 'seconds': 1440, 'pass': 24, 'fail': 1, 'installed': 1, 'verdict': '留用·强推荐', 'path': 'demos/20260925-2332-build-game/frostlight-gather.html', 'dir': '20260925-2332-build-game'}
{'run': 8, 'date': '2026-09-26', 'skill': 'sec-audit-cn', 'source': '本机已装', 'kind': '审计报告 MD', 'bytes': 11247, 'seconds': None, 'pass': 0, 'fail': 0, 'installed': 0, 'verdict': '留用', 'path': 'demos/20260926-0000-sec-audit-cn/SECURITY-AUDIT.md', 'dir': '20260926-0000-sec-audit-cn'}
wrote /Users/apple/Documents/workProject/试验/skill演示场/demos/20260926-0956-xlsx/facts.json

$ PYTHONPATH=../../.tmp/pylibs python3 build_xlsx.py
wrote /Users/apple/Documents/workProject/试验/skill演示场/demos/20260926-0956-xlsx/skill-showcase-ledger.xlsx 15360 bytes

$ PYTHONPATH=../../.tmp/pylibs python3 verify_recalc.py
PASS | A1 表内含公式单元格 | 98 个公式
PASS | A2 技能声明的 gotcha 成立：openpyxl 写出的文件未重算前 data_only 读回全为 None | 98/98 读回 None
PASS | B1 引擎解析出全部公式单元格 | sheets=['LEDGER', 'METRICS', 'README']
PASS | B2 零 Excel 错误字面量 | 0 error
PASS | C1 Ledger!G2 产物 KB = 实测字节/1024 | G2=14.791015625 期望=14.7910
PASS | C2 Ledger!I2 分钟 = 秒/60 | I2=7.0
PASS | C3 Ledger!J2 B/s = 字节/秒 | J2=36.06190476190476
PASS | C4 Ledger!M2 = K+L | M2=38.0
PASS | C5 Ledger!N2 PASS 占比 | N2=0.8947368421052632
PASS | C6 第 8 轮空耗时经 IF(H="","") 守卫后是真空值，不是合法的 0.0 | I9='' J9=''
PASS | C7 第 8 轮 M=0 除法被 IFERROR 兜住（N9 空，非 #DIV/0!） | N9=''
PASS | C8 Metrics 已完成轮次 = 8 | 8
PASS | C9 Metrics 主产物合计(B) = 逐轮实测求和 | 2174582.0 vs 2174582
PASS | C10 Metrics 主产物合计(KB) | 2123.615234375
PASS | C11 平均单产物(KB) | 265.451904296875
PASS | C12 MAX+INDEX/MATCH 命中最大产物所属技能 | algorithmic-art vs algorithmic-art
PASS | C13 MIN+INDEX/MATCH 命中最小产物所属技能 | ascii-project-dashboard vs ascii-project-dashboard
PASS | C14 有耗时记录轮次 = 7 | 7
PASS | C15 累计耗时(min) | 98.0 vs 98.000
PASS | C16 COUNTIF 条件里拼接输入单元格（>README!B13） | 2 vs 2（>900s）
PASS | C17 跨表链接 README!B13 生效 | 900
PASS | C18 预算利用率 | 0.9333333333333333
PASS | C19 最慢轮次 = build-game | build-game
PASS | C20 验证标记合计 = PASS+FAIL 总和 | 166.0 vs 166
PASS | C21 总体 PASS 占比 | 0.9216867469879518
PASS | C22 MAX+MATCH 落在并列最高 PASS 占比的第一行（MATCH 取首个，非全部） | 公式=algorithmic-art 并列满分轮=['algorithmic-art', 'ppt-generator']
PASS | C23 SUMIF/COUNTIFS 按来源分组三项全对（含空耗时不入分母） | 官方市场: 公式(5, 845.486328125, 13.2) 期望(5, 845.486328125, 13.2) | 外部仓库: 公式(1, 975.1455078125, 19.0) 期望(1, 975.1455078125, 19.0) | 本机已装: 公式(2, 302.9833984375, 13.0) 期望(2, 302.9833984375, 13.0)
PASS | C24 COUNTIF 前缀通配 留用* == 8 | 8
PASS | C25 新装技能数 = 台账里 5 轮有安装记录 | 5.0
PASS | C26 零安装轮次 = COUNTIF(O,0) = 3 | 3
PASS | S1 原生图表已内嵌（不是图片） | ['xl/charts/chart1.xml']
PASS | S2 工作表三张且顺序正确 | ['README', 'Ledger', 'Metrics']
PASS | S3 每个输入口径都有单元格批注（技能要求 document every assumption） | 25 条批注
PASS | S4 输入=蓝 / 公式=黑 / 跨表=绿（技能的配色语义） | 蓝格 39 个、黑公式 5/5、Metrics 跨表绿=True
PASS | S5 百分比/年份格式：占比用 0.0%%、年份存文本 | N2=0.0%;(0.0%);- B2='2026-09-25' fmt=@
PASS | S6 全表统一 Arial（技能强制专业字体） | {'Arial'}
PASS | S7 日期未被数值化成 2,026 | int 型日期单元格 []
PASS | S8 公式体内不含中文（跨表引用只用 ASCII 表名 Ledger/README/Metrics） | 0 条公式含非 ASCII
PASS | S9 「公式口径」文档以文本存储，未变成被记录公式的活副本（24 条指标行全覆盖） | 文档格 24 条 / 文本 24 / 仍是活公式 []
PASS | D1 改一个输入字节 → 本行 KB 公式跟着变（非硬编码） | G2 14.791015625→44.373046875
PASS | D2 该变化贯穿到合计公式 | 合计 2174582.0→2204874.0 期望 2204874
PASS | D3 跨表链接的预算杠杆生效（README!B13→Metrics） | 500
PASS | D4 依赖该杠杆的 COUNTIF 条件重算（2 轮→6 轮超预算） | 超预算 2→6
PASS | D5 SUMIF 分组聚合也被输入变化带动 | 官方市场合计(KB) 845.486328125→875.068359375
PASS | D6 变异后仍零错误 | []
PASS | E1 技能推荐的 2007 时代函数在独立引擎里全部算对 | C1=np.float64(6.0) | C2=np.float64(5.0) | C3='y' | C4='-' | C5='_xlfn.TEXTJOIN(",",TRUE,B1:B3)' | C6='x,y,z' | C7='y' | C8='x' | A5=empty | C9=0.0
PASS | E4 空分母陷阱：=A5/60 在空单元格上不报错而返回 0（所以守卫必须用 IF 不能只靠 IFERROR） | C9(空单元格/60)=0.0
PASS | E2 技能「XLOOKUP 任何前缀都不可用」是**其自带 LibreOffice 运行时**的条款，不是函数真理：第三方引擎照样算对 | XLOOKUP→'y'（Excel/LibreOffice 侧才是 #NAME?）
PASS | E3 前缀规则随引擎反向：_xlfn.TEXTJOIN 在本引擎失效、裸写 TEXTJOIN 生效（与技能对 Excel 的告诫正好相反） | prefixed='_xlfn.TEXTJOIN(",",TRUE,B1:B3)' bare='x,y,z'

=== 49 断言 / 49 PASS / 0 FAIL ===

$ PYTHONPATH=../../.tmp/pylibs python3 preview_dump.py
== OOXML 部件 == 18 个文件；XML 非良构: []
chart1.xml 含 barChart: True 含数值引用: False
