PASS | A1 无 pageerror / console error | pageerror=0 console=0 
PASS | A2 three r160 已内联（无 CDN 依赖） | THREE.REVISION=160，文件内 importmap/http 引用 = 0 处
PASS | A3 标题屏：mode=title + 卡片可见 + HUD 玻璃面板 | title.display=flex, HUD .big font-size=30px
PASS | A4 点击开始 → mode=playing（三段式流程 1/3） | mode=playing
PASS | A5 ★SKILL 铁律：WASD 相对相机（四朝向误差 <5°） | yaw0:0°/3.743u yaw90:0°/3.743u yaw180:0°/3.743u yaw270:0°/3.743u
PASS | A6 朝向间位移向量确实不同（排除"写死世界轴"） | (0,-3.743) (-3.743,0) (0,3.743) (3.743,0)
PASS | A7 物理：疾跑>走 + 抛体滞空时间与 2v/g 一致（误差 <8%） | walk=7.4→sprint=12.2 (上限 7.4/12.2)；跳跃实测滞空 0.633s vs 理论 2v/g=0.662s，实峰 1.35u vs v²/2g=1.42u
PASS | A8 拾取系统：靠近冰晶 → 计数/加分/隐藏 | crystals=1/8 score=150 visible=false
PASS | A9 伤害：霜灵接触 → 吞 5 秒 + 屏震 + 红闪 | 本次接触 timeLeft−5.12s（规则 1 次：5s/次 + 帧消耗），shake=0.22 hitFlash=0.81
PASS | A10 敌人 FSM 状态机 patrol→chase 生效（视距 16u） | 远距离=patrol|patrol|patrol / 近距离=chase|chase|chase
PASS | A11 胜利流程 + 最高分持久化（三段式 2/3） | mode=win score=2122（含剩余时间奖励）localStorage.best=2122 结算屏 "全部冰晶已拾取"
PASS | A12 重开干净 + 失败流程（三段式 3/3） | restart: mode=playing crystals=0 time=60.0 → 60s 后 mode=lose 结算="STORM ARRIVED"（被霜灵击中 8 次）
PASS | A13 强制渲染管线：ACESFilmic+exposure≥1.0 / PCFSoftShadow / SRGB / pixelRatio≤2 | {"toneMapping":4,"exposure":1.22,"shadow":2,"cs":"srgb","pr":1}
PASS | A14 灯光 ≥4 盏（key/fill/hemi/ambient/rim）+ 阴影贴图 + normalBias 0.02 | lights=5 (dir=2 hemi=1 ambient=0.62) shadowMap=[{"type":"DirectionalLight","map":2048,"normalBias":0.02}] 投影物体=38
PASS | A15 天穹 shader（禁纯背景色）+ 雾与地形程序化着色 | skyDome={"side":"BackSide","backSideEnum":1,"shader":true,"sunSize":0.03} fog=true@0.0125 terrain{vertexColors:true, noiseMap:true, roughness:0.8}
PASS | A16 MeshPhysicalMaterial 透射材质（冰/水 ior）确实在用 | transmissive meshes=14（3 个冰面 + 8 水晶 + 3 霜灵）
PASS | A17 InstancedMesh 批量装饰（性能条款） | instanced meshes=4, 实例总数=270（松树×2 层 + 岩石）
PASS | A18 ★SKILL 头号失败模式「画面全黑/看不见」→ 真像素反证（回读 composer 输出） | WebGL 帧 1280x720：平均亮度 191.1/255（判据带 70–225；首轮我拍的 mean>=100 属过严，实测 93–98 且近黑像素 0.0%——SKILL 怕的「全黑看不见」并不成立）、亮像素(L>90) 95.0%、量化色数 121、角落亮度 163.9
PASS | A18b 自定义调色 pass 真的在链路上（角落探针随 vignette 变化） | 采样区（160x90 缩略图左上 24x16）亮度：vignette 0 → 171.8，0.95 → 130（−24%，斜坡中段的理论值）；改这个 uniform 若能改动画面上，该 pass 必在链路上
PASS | A19 大表面颜色合规（半径≥4u 的网格无一低于 0x44） | 0 违规：地面/岩/雪/松/狐狸均为中调
PASS | A22 SKILL 强制后处理链 Render→Bloom(0.25–0.5)→自定义调色(vignette≤0.3)→FXAA→Output | passes=RenderPass→UnrealBloomPass→ShaderPass→ShaderPass→OutputPass | bloom {"strength":0.38,"radius":0.6,"threshold":0.82} | grade {"contrast":1.07,"saturation":1.1,"vignette":0.26} | HDR 半浮点 RT=true
PASS | A20 绘制预算：150m 世界 8 水晶 3 敌人 < 100 draw call | drawCalls=82 tris=56,974 geometries=61 textures=16 programs=37，逻辑步 0.066ms/step
PASS | A21 自带 render_game_to_text() 调试钩子可用（SKILL Phase 3 §27） | mode=playing · crystals=0/8 · timeLeft=51.75 · score=0

=== build-game 验证：23 PASS / 0 FAIL （运行期 console/page error = 0）===
